// Jest Snapshot v1, https://goo.gl/fbAQLP

exports[`Flow code generation #generateSource() should annotate custom scalars as string 1`] = `
"/* @flow */
//  This file was automatically generated and should not be edited.

export type CustomScalarQuery = {|
  misc: ? {|
    __typename: string,
    date: ?any,
  |},
|};"
`;

exports[`Flow code generation #generateSource() should generate correct typedefs with a multiple custom fragments 1`] = `
"/* @flow */
//  This file was automatically generated and should not be edited.

// The episodes in the Star Wars trilogy
export type Episode =
  \\"NEWHOPE\\" | // Star Wars Episode IV: A New Hope, released in 1977.
  \\"EMPIRE\\" | // Star Wars Episode V: The Empire Strikes Back, released in 1980.
  \\"JEDI\\"; // Star Wars Episode VI: Return of the Jedi, released in 1983.


export type HeroAndFriendsNamesQueryVariables = {|
  episode: ?Episode,
|};

export type HeroAndFriendsNamesQuery = {|
  hero: ?( {
      __typename: \\"Human\\",
      // The name of the character
      name: string,
      // The friends of the character, or an empty list if they have none
      friends: ?Array< ( {
          __typename: \\"Human\\",
          // The name of the character
          name: string,
        } | {
          __typename: \\"Droid\\",
          // The name of the character
          name: string,
        }
      ) >,
    } | {
      __typename: \\"Droid\\",
      // The name of the character
      name: string,
      // The friends of the character, or an empty list if they have none
      friends: ?Array< ( {
          __typename: \\"Human\\",
          // The name of the character
          name: string,
        } | {
          __typename: \\"Droid\\",
          // The name of the character
          name: string,
        }
      ) >,
    }
  ),
|};

export type FriendFragment = ( {
      __typename: \\"Human\\",
      // The name of the character
      name: string,
    } | {
      __typename: \\"Droid\\",
      // The name of the character
      name: string,
    }
  );

export type PersonFragment = ( {
      __typename: \\"Human\\",
      // The name of the character
      name: string,
    } | {
      __typename: \\"Droid\\",
      // The name of the character
      name: string,
    }
  );"
`;

exports[`Flow code generation #generateSource() should generate correct typedefs with a single custom fragment 1`] = `
"/* @flow */
//  This file was automatically generated and should not be edited.

// The episodes in the Star Wars trilogy
export type Episode =
  \\"NEWHOPE\\" | // Star Wars Episode IV: A New Hope, released in 1977.
  \\"EMPIRE\\" | // Star Wars Episode V: The Empire Strikes Back, released in 1980.
  \\"JEDI\\"; // Star Wars Episode VI: Return of the Jedi, released in 1983.


export type HeroAndFriendsNamesQueryVariables = {|
  episode: ?Episode,
|};

export type HeroAndFriendsNamesQuery = {|
  hero: ?( {
      __typename: \\"Human\\",
      // The name of the character
      name: string,
      // The friends of the character, or an empty list if they have none
      friends: ?Array< ( {
          __typename: \\"Human\\",
          // The name of the character
          name: string,
        } | {
          __typename: \\"Droid\\",
          // The name of the character
          name: string,
        }
      ) >,
    } | {
      __typename: \\"Droid\\",
      // The name of the character
      name: string,
      // The friends of the character, or an empty list if they have none
      friends: ?Array< ( {
          __typename: \\"Human\\",
          // The name of the character
          name: string,
        } | {
          __typename: \\"Droid\\",
          // The name of the character
          name: string,
        }
      ) >,
    }
  ),
|};

export type FriendFragment = ( {
      __typename: \\"Human\\",
      // The name of the character
      name: string,
    } | {
      __typename: \\"Droid\\",
      // The name of the character
      name: string,
    }
  );"
`;

exports[`Flow code generation #generateSource() should generate fragmented query operations 1`] = `
"/* @flow */
//  This file was automatically generated and should not be edited.

export type HeroAndFriendsNamesQuery = {|
  hero: ?( {
      __typename: \\"Human\\",
      // The name of the character
      name: string,
      // The friends of the character, or an empty list if they have none
      friends: ?Array< ( {
          __typename: \\"Human\\",
          // The name of the character
          name: string,
        } | {
          __typename: \\"Droid\\",
          // The name of the character
          name: string,
        }
      ) >,
    } | {
      __typename: \\"Droid\\",
      // The name of the character
      name: string,
      // The friends of the character, or an empty list if they have none
      friends: ?Array< ( {
          __typename: \\"Human\\",
          // The name of the character
          name: string,
        } | {
          __typename: \\"Droid\\",
          // The name of the character
          name: string,
        }
      ) >,
    }
  ),
|};

export type HeroFriendsFragment = ( {
      __typename: \\"Human\\",
      // The friends of the character, or an empty list if they have none
      friends: ?Array< ( {
          __typename: \\"Human\\",
          // The name of the character
          name: string,
        } | {
          __typename: \\"Droid\\",
          // The name of the character
          name: string,
        }
      ) >,
    } | {
      __typename: \\"Droid\\",
      // The friends of the character, or an empty list if they have none
      friends: ?Array< ( {
          __typename: \\"Human\\",
          // The name of the character
          name: string,
        } | {
          __typename: \\"Droid\\",
          // The name of the character
          name: string,
        }
      ) >,
    }
  );"
`;

exports[`Flow code generation #generateSource() should generate mutation operations with complex input types 1`] = `
"/* @flow */
//  This file was automatically generated and should not be edited.

// The episodes in the Star Wars trilogy
export type Episode =
  \\"NEWHOPE\\" | // Star Wars Episode IV: A New Hope, released in 1977.
  \\"EMPIRE\\" | // Star Wars Episode V: The Empire Strikes Back, released in 1980.
  \\"JEDI\\"; // Star Wars Episode VI: Return of the Jedi, released in 1983.


export type ReviewInput = {|
  // 0-5 stars
  stars: number,
  // Comment about the movie, optional
  commentary: ?string,
  // Favorite color, optional
  favorite_color: ?ColorInput,
|};

export type ColorInput = {|
  red: number,
  green: number,
  blue: number,
|};

export type ReviewMovieMutationVariables = {|
  episode: ?Episode,
  review: ?ReviewInput,
|};

export type ReviewMovieMutation = {|
  createReview: ? {|
    __typename: string,
    // The number of stars this review gave, 1-5
    stars: number,
    // Comment about the movie
    commentary: ?string,
  |},
|};"
`;

exports[`Flow code generation #generateSource() should generate query operations with inline fragments 1`] = `
"/* @flow */
//  This file was automatically generated and should not be edited.

export type HeroAndDetailsQuery = {|
  hero: ?( {
      __typename: \\"Human\\",
      // What this human calls themselves
      name: string,
      // Height in the preferred unit, default is meters
      height: ?number,
    } | {
      __typename: \\"Droid\\",
      // What others call this droid
      name: string,
      // This droid's primary function
      primaryFunction: ?string,
    }
  ),
|};

export type HeroDetailsFragment = ( {
      __typename: \\"Human\\",
      // Height in the preferred unit, default is meters
      height: ?number,
    } | {
      __typename: \\"Droid\\",
      // This droid's primary function
      primaryFunction: ?string,
    }
  );"
`;

exports[`Flow code generation #generateSource() should generate simple nested query operations including input variables 1`] = `
"/* @flow */
//  This file was automatically generated and should not be edited.

// The episodes in the Star Wars trilogy
export type Episode =
  \\"NEWHOPE\\" | // Star Wars Episode IV: A New Hope, released in 1977.
  \\"EMPIRE\\" | // Star Wars Episode V: The Empire Strikes Back, released in 1980.
  \\"JEDI\\"; // Star Wars Episode VI: Return of the Jedi, released in 1983.


export type HeroAndFriendsNamesQueryVariables = {|
  episode: ?Episode,
|};

export type HeroAndFriendsNamesQuery = {|
  hero: ?( {
      __typename: \\"Human\\",
      // The name of the character
      name: string,
      // The friends of the character, or an empty list if they have none
      friends: ?Array< ( {
          __typename: \\"Human\\",
          // The name of the character
          name: string,
        } | {
          __typename: \\"Droid\\",
          // The name of the character
          name: string,
        }
      ) >,
    } | {
      __typename: \\"Droid\\",
      // The name of the character
      name: string,
      // The friends of the character, or an empty list if they have none
      friends: ?Array< ( {
          __typename: \\"Human\\",
          // The name of the character
          name: string,
        } | {
          __typename: \\"Droid\\",
          // The name of the character
          name: string,
        }
      ) >,
    }
  ),
|};"
`;

exports[`Flow code generation #generateSource() should generate simple query operations 1`] = `
"/* @flow */
//  This file was automatically generated and should not be edited.

export type HeroNameQuery = {|
  hero: ?( {
      __typename: \\"Human\\",
      // The name of the character
      name: string,
    } | {
      __typename: \\"Droid\\",
      // The name of the character
      name: string,
    }
  ),
|};"
`;

exports[`Flow code generation #generateSource() should generate simple query operations including input variables 1`] = `
"/* @flow */
//  This file was automatically generated and should not be edited.

// The episodes in the Star Wars trilogy
export type Episode =
  \\"NEWHOPE\\" | // Star Wars Episode IV: A New Hope, released in 1977.
  \\"EMPIRE\\" | // Star Wars Episode V: The Empire Strikes Back, released in 1980.
  \\"JEDI\\"; // Star Wars Episode VI: Return of the Jedi, released in 1983.


export type HeroNameQueryVariables = {|
  episode: ?Episode,
|};

export type HeroNameQuery = {|
  hero: ?( {
      __typename: \\"Human\\",
      // The name of the character
      name: string,
    } | {
      __typename: \\"Droid\\",
      // The name of the character
      name: string,
    }
  ),
|};"
`;

exports[`Flow code generation #generateSource() should handle multi-line comments 1`] = `
"/* @flow */
//  This file was automatically generated and should not be edited.

export type CustomScalarQuery = {|
  commentTest: ? {|
    __typename: string,
    // This is a multi-line
    // comment.
    multiLine: ?string,
  |},
|};"
`;

exports[`Flow code generation #generateSource() should handle single line comments 1`] = `
"/* @flow */
//  This file was automatically generated and should not be edited.

export type CustomScalarQuery = {|
  commentTest: ? {|
    __typename: string,
    // This is a single-line comment
    singleLine: ?string,
  |},
|};"
`;
